../Core/Src/main.c:89:5:main	8	static
../Core/Src/main.c:169:6:SystemClock_Config	88	static
../Core/Src/main.c:216:13:MX_USART2_UART_Init	8	static
../Core/Src/main.c:247:13:MX_DMA_Init	16	static
../Core/Src/main.c:268:13:MX_GPIO_Init	48	static
../Core/Src/main.c:313:6:subscription_callback	24	static
../Core/Src/main.c:322:6:timer_callback	24	static
../Core/Src/main.c:335:6:StartDefaultTask	456	static
../Core/Src/main.c:432:6:HAL_TIM_PeriodElapsedCallback	16	static
../Core/Src/main.c:449:6:Error_Handler	4	static,ignoring_inline_asm
